分类: 📺央视频道, 名称: CCTV-1, 总数: 48, 有效: 23, 有效率: 47.92%, IPv4: 48, IPv6: 0, 最小延迟: 269 ms, 最高速率: 8.28 M/s, 平均速率: 1.39 M/s, 最高分辨率: None
分类: 📺央视频道, 名称: CCTV-2, 总数: 13, 有效: 7, 有效率: 53.85%, IPv4: 13, IPv6: 0, 最小延迟: 386 ms, 最高速率: 2.65 M/s, 平均速率: 0.74 M/s, 最高分辨率: None
分类: 📺央视频道, 名称: CCTV-3, 总数: 9, 有效: 3, 有效率: 33.33%, IPv4: 9, IPv6: 0, 最小延迟: 24 ms, 最高速率: 3.85 M/s, 平均速率: 1.58 M/s, 最高分辨率: None
分类: 📺央视频道, 名称: CCTV-4, 总数: 9, 有效: 4, 有效率: 44.44%, IPv4: 9, IPv6: 0, 最小延迟: 38 ms, 最高速率: 3.09 M/s, 平均速率: 1.12 M/s, 最高分辨率: None
分类: 📺央视频道, 名称: CCTV-5, 总数: 13, 有效: 3, 有效率: 23.08%, IPv4: 13, IPv6: 0, 最小延迟: 505 ms, 最高速率: 0.59 M/s, 平均速率: 0.49 M/s, 最高分辨率: None
分类: 📺央视频道, 名称: CCTV-6, 总数: 4, 有效: 3, 有效率: 75.00%, IPv4: 4, IPv6: 0, 最小延迟: 519 ms, 最高速率: 0.85 M/s, 平均速率: 0.52 M/s, 最高分辨率: None
分类: 📺央视频道, 名称: CCTV-5+, 总数: 14, 有效: 2, 有效率: 14.29%, IPv4: 14, IPv6: 0, 最小延迟: 487 ms, 最高速率: 1.51 M/s, 平均速率: 0.96 M/s, 最高分辨率: None
分类: 📺央视频道, 名称: CCTV-8, 总数: 1, 有效: 0, 有效率: 0.00%, IPv4: 1, IPv6: 0, 最小延迟: 3001 ms, 最高速率: 0.09 M/s, 平均速率: 0.00 M/s, 最高分辨率: None
分类: 📺央视频道, 名称: CCTV-9, 总数: 2, 有效: 0, 有效率: 0.00%, IPv4: 2, IPv6: 0, 最小延迟: 1506 ms, 最高速率: 0.14 M/s, 平均速率: 0.00 M/s, 最高分辨率: None
分类: 📺央视频道, 名称: CCTV-11, 总数: 1, 有效: 1, 有效率: 100.00%, IPv4: 1, IPv6: 0, 最小延迟: 1093 ms, 最高速率: 1.34 M/s, 平均速率: 1.34 M/s, 最高分辨率: None
分类: 📺央视频道, 名称: CCTV-7, 总数: 3, 有效: 0, 有效率: 0.00%, IPv4: 3, IPv6: 0, 最小延迟: -1 ms, 最高速率: 0.00 M/s, 平均速率: 0.00 M/s, 最高分辨率: None
分类: 📺央视频道, 名称: CCTV-12, 总数: 1, 有效: 1, 有效率: 100.00%, IPv4: 1, IPv6: 0, 最小延迟: 2803 ms, 最高速率: 0.47 M/s, 平均速率: 0.47 M/s, 最高分辨率: None
分类: 📺央视频道, 名称: CCTV-10, 总数: 3, 有效: 1, 有效率: 33.33%, IPv4: 3, IPv6: 0, 最小延迟: 483 ms, 最高速率: 0.36 M/s, 平均速率: 0.36 M/s, 最高分辨率: None
分类: 📺央视频道, 名称: CCTV-16, 总数: 1, 有效: 0, 有效率: 0.00%, IPv4: 1, IPv6: 0, 最小延迟: -1 ms, 最高速率: 0.00 M/s, 平均速率: 0.00 M/s, 最高分辨率: None
分类: 📺央视频道, 名称: CCTV-15, 总数: 5, 有效: 2, 有效率: 40.00%, IPv4: 5, IPv6: 0, 最小延迟: 559 ms, 最高速率: 0.65 M/s, 平均速率: 0.50 M/s, 最高分辨率: None
分类: 📺央视频道, 名称: CCTV-13, 总数: 9, 有效: 2, 有效率: 22.22%, IPv4: 9, IPv6: 0, 最小延迟: 508 ms, 最高速率: 0.38 M/s, 平均速率: 0.34 M/s, 最高分辨率: None
分类: 📺央视频道, 名称: CCTV-14, 总数: 2, 有效: 0, 有效率: 0.00%, IPv4: 2, IPv6: 0, 最小延迟: -1 ms, 最高速率: 0.00 M/s, 平均速率: 0.00 M/s, 最高分辨率: None
分类: 📺央视频道, 名称: CCTV-17, 总数: 2, 有效: 1, 有效率: 50.00%, IPv4: 2, IPv6: 0, 最小延迟: 50 ms, 最高速率: 109.98 M/s, 平均速率: 109.98 M/s, 最高分辨率: None
分类: 📺央视频道, 名称: CETV-4, 总数: 4, 有效: 0, 有效率: 0.00%, IPv4: 4, IPv6: 0, 最小延迟: -1 ms, 最高速率: 0.00 M/s, 平均速率: 0.00 M/s, 最高分辨率: None
分类: 📺央视频道, 名称: CETV-1, 总数: 18, 有效: 5, 有效率: 27.78%, IPv4: 18, IPv6: 0, 最小延迟: 499 ms, 最高速率: 0.49 M/s, 平均速率: 0.43 M/s, 最高分辨率: None
分类: 📺央视频道, 名称: CETV-2, 总数: 5, 有效: 0, 有效率: 0.00%, IPv4: 5, IPv6: 0, 最小延迟: -1 ms, 最高速率: 0.00 M/s, 平均速率: 0.00 M/s, 最高分辨率: None
分类: 📺央视频道, 名称: CETV-3, 总数: 2, 有效: 0, 有效率: 0.00%, IPv4: 2, IPv6: 0, 最小延迟: -1 ms, 最高速率: 0.00 M/s, 平均速率: 0.00 M/s, 最高分辨率: None
分类: 💰数字频道, 名称: 文化精品, 总数: 3, 有效: 0, 有效率: 0.00%, IPv4: 3, IPv6: 0, 最小延迟: -1 ms, 最高速率: 0.00 M/s, 平均速率: 0.00 M/s, 最高分辨率: None
分类: 💰数字频道, 名称: 风云音乐, 总数: 9, 有效: 0, 有效率: 0.00%, IPv4: 9, IPv6: 0, 最小延迟: -1 ms, 最高速率: 0.00 M/s, 平均速率: 0.00 M/s, 最高分辨率: None
分类: 💰数字频道, 名称: 高尔夫网球, 总数: 1, 有效: 0, 有效率: 0.00%, IPv4: 1, IPv6: 0, 最小延迟: 26 ms, 最高速率: 0.00 M/s, 平均速率: 0.00 M/s, 最高分辨率: None
分类: 💰数字频道, 名称: 女性时尚, 总数: 5, 有效: 0, 有效率: 0.00%, IPv4: 5, IPv6: 0, 最小延迟: 3001 ms, 最高速率: 0.08 M/s, 平均速率: 0.00 M/s, 最高分辨率: None
分类: 💰数字频道, 名称: 风云足球, 总数: 4, 有效: 0, 有效率: 0.00%, IPv4: 4, IPv6: 0, 最小延迟: 3001 ms, 最高速率: 0.10 M/s, 平均速率: 0.00 M/s, 最高分辨率: None
分类: 📡卫视频道, 名称: 江西卫视, 总数: 2, 有效: 1, 有效率: 50.00%, IPv4: 2, IPv6: 0, 最小延迟: 3002 ms, 最高速率: 0.54 M/s, 平均速率: 0.54 M/s, 最高分辨率: None
分类: 💰数字频道, 名称: 世界地理, 总数: 1, 有效: 0, 有效率: 0.00%, IPv4: 1, IPv6: 0, 最小延迟: -1 ms, 最高速率: 0.00 M/s, 平均速率: 0.00 M/s, 最高分辨率: None
分类: 💰数字频道, 名称: CGTN, 总数: 4, 有效: 1, 有效率: 25.00%, IPv4: 4, IPv6: 0, 最小延迟: 3002 ms, 最高速率: 1.43 M/s, 平均速率: 1.43 M/s, 最高分辨率: None
分类: 📡卫视频道, 名称: 北京卫视, 总数: 2, 有效: 1, 有效率: 50.00%, IPv4: 2, IPv6: 0, 最小延迟: 476 ms, 最高速率: 0.47 M/s, 平均速率: 0.47 M/s, 最高分辨率: None
分类: 📡卫视频道, 名称: 湖南卫视, 总数: 5, 有效: 2, 有效率: 40.00%, IPv4: 5, IPv6: 0, 最小延迟: 56 ms, 最高速率: 20.58 M/s, 平均速率: 20.36 M/s, 最高分辨率: None
分类: 📡卫视频道, 名称: 江苏卫视, 总数: 2, 有效: 1, 有效率: 50.00%, IPv4: 2, IPv6: 0, 最小延迟: 3001 ms, 最高速率: 0.21 M/s, 平均速率: 0.21 M/s, 最高分辨率: None
分类: 📡卫视频道, 名称: 浙江卫视, 总数: 2, 有效: 1, 有效率: 50.00%, IPv4: 2, IPv6: 0, 最小延迟: 3001 ms, 最高速率: 0.21 M/s, 平均速率: 0.21 M/s, 最高分辨率: None
分类: 📡卫视频道, 名称: 东方卫视, 总数: 3, 有效: 1, 有效率: 33.33%, IPv4: 3, IPv6: 0, 最小延迟: 1307 ms, 最高速率: 0.78 M/s, 平均速率: 0.78 M/s, 最高分辨率: None
分类: 📡卫视频道, 名称: 广东卫视, 总数: 2, 有效: 1, 有效率: 50.00%, IPv4: 2, IPv6: 0, 最小延迟: 476 ms, 最高速率: 0.53 M/s, 平均速率: 0.53 M/s, 最高分辨率: None
分类: 📡卫视频道, 名称: 重庆卫视, 总数: 1, 有效: 1, 有效率: 100.00%, IPv4: 1, IPv6: 0, 最小延迟: 535 ms, 最高速率: 0.34 M/s, 平均速率: 0.34 M/s, 最高分辨率: None
分类: 📡卫视频道, 名称: 深圳卫视, 总数: 4, 有效: 1, 有效率: 25.00%, IPv4: 4, IPv6: 0, 最小延迟: 1193 ms, 最高速率: 0.61 M/s, 平均速率: 0.61 M/s, 最高分辨率: None
分类: 📡卫视频道, 名称: 广西卫视, 总数: 2, 有效: 0, 有效率: 0.00%, IPv4: 2, IPv6: 0, 最小延迟: -1 ms, 最高速率: 0.00 M/s, 平均速率: 0.00 M/s, 最高分辨率: None
分类: 📡卫视频道, 名称: 海南卫视, 总数: 2, 有效: 0, 有效率: 0.00%, IPv4: 2, IPv6: 0, 最小延迟: -1 ms, 最高速率: 0.00 M/s, 平均速率: 0.00 M/s, 最高分辨率: None
分类: 📡卫视频道, 名称: 三沙卫视, 总数: 4, 有效: 2, 有效率: 50.00%, IPv4: 4, IPv6: 0, 最小延迟: 510 ms, 最高速率: 0.50 M/s, 平均速率: 0.38 M/s, 最高分辨率: None
分类: 📡卫视频道, 名称: 东南卫视, 总数: 1, 有效: 0, 有效率: 0.00%, IPv4: 1, IPv6: 0, 最小延迟: -1 ms, 最高速率: 0.00 M/s, 平均速率: 0.00 M/s, 最高分辨率: None
分类: 📡卫视频道, 名称: 河南卫视, 总数: 4, 有效: 1, 有效率: 25.00%, IPv4: 4, IPv6: 0, 最小延迟: 2867 ms, 最高速率: 0.51 M/s, 平均速率: 0.51 M/s, 最高分辨率: None
分类: 📡卫视频道, 名称: 安徽卫视, 总数: 1, 有效: 0, 有效率: 0.00%, IPv4: 1, IPv6: 0, 最小延迟: 3001 ms, 最高速率: 0.13 M/s, 平均速率: 0.00 M/s, 最高分辨率: None
分类: 📡卫视频道, 名称: 四川卫视, 总数: 4, 有效: 1, 有效率: 25.00%, IPv4: 4, IPv6: 0, 最小延迟: 479 ms, 最高速率: 0.35 M/s, 平均速率: 0.35 M/s, 最高分辨率: None
分类: 📡卫视频道, 名称: 内蒙古卫视, 总数: 3, 有效: 1, 有效率: 33.33%, IPv4: 3, IPv6: 0, 最小延迟: 2623 ms, 最高速率: 0.92 M/s, 平均速率: 0.92 M/s, 最高分辨率: None
分类: 📡卫视频道, 名称: 河北卫视, 总数: 2, 有效: 0, 有效率: 0.00%, IPv4: 2, IPv6: 0, 最小延迟: -1 ms, 最高速率: 0.00 M/s, 平均速率: 0.00 M/s, 最高分辨率: None
分类: 📡卫视频道, 名称: 山东卫视, 总数: 4, 有效: 0, 有效率: 0.00%, IPv4: 4, IPv6: 0, 最小延迟: -1 ms, 最高速率: 0.00 M/s, 平均速率: 0.00 M/s, 最高分辨率: None
分类: 📡卫视频道, 名称: 吉林卫视, 总数: 1, 有效: 0, 有效率: 0.00%, IPv4: 1, IPv6: 0, 最小延迟: -1 ms, 最高速率: 0.00 M/s, 平均速率: 0.00 M/s, 最高分辨率: None
分类: 📡卫视频道, 名称: 甘肃卫视, 总数: 3, 有效: 0, 有效率: 0.00%, IPv4: 3, IPv6: 0, 最小延迟: 3001 ms, 最高速率: 0.19 M/s, 平均速率: 0.00 M/s, 最高分辨率: None
分类: 📡卫视频道, 名称: 宁夏卫视, 总数: 2, 有效: 0, 有效率: 0.00%, IPv4: 2, IPv6: 0, 最小延迟: -1 ms, 最高速率: 0.00 M/s, 平均速率: 0.00 M/s, 最高分辨率: None
分类: 📡卫视频道, 名称: 山西卫视, 总数: 1, 有效: 0, 有效率: 0.00%, IPv4: 1, IPv6: 0, 最小延迟: 3001 ms, 最高速率: 0.11 M/s, 平均速率: 0.00 M/s, 最高分辨率: None
分类: 📡卫视频道, 名称: 云南卫视, 总数: 2, 有效: 1, 有效率: 50.00%, IPv4: 2, IPv6: 0, 最小延迟: 2092 ms, 最高速率: 0.21 M/s, 平均速率: 0.21 M/s, 最高分辨率: None
分类: 📡卫视频道, 名称: 兵团卫视, 总数: 1, 有效: 0, 有效率: 0.00%, IPv4: 1, IPv6: 0, 最小延迟: -1 ms, 最高速率: 0.00 M/s, 平均速率: 0.00 M/s, 最高分辨率: None
分类: 📡卫视频道, 名称: 新疆卫视, 总数: 6, 有效: 1, 有效率: 16.67%, IPv4: 6, IPv6: 0, 最小延迟: 3001 ms, 最高速率: 0.22 M/s, 平均速率: 0.22 M/s, 最高分辨率: None
分类: ☘️湖南频道, 名称: 湖南电视剧, 总数: 1, 有效: 1, 有效率: 100.00%, IPv4: 1, IPv6: 0, 最小延迟: 526 ms, 最高速率: 0.26 M/s, 平均速率: 0.26 M/s, 最高分辨率: None
分类: ☘️湖南频道, 名称: 湖南爱晚, 总数: 2, 有效: 0, 有效率: 0.00%, IPv4: 2, IPv6: 0, 最小延迟: -1 ms, 最高速率: 0.00 M/s, 平均速率: 0.00 M/s, 最高分辨率: None
分类: ☘️湖南频道, 名称: 湖南都市, 总数: 11, 有效: 0, 有效率: 0.00%, IPv4: 11, IPv6: 0, 最小延迟: -1 ms, 最高速率: 0.00 M/s, 平均速率: 0.00 M/s, 最高分辨率: None
分类: ☘️湖南频道, 名称: 湖南教育, 总数: 1, 有效: 0, 有效率: 0.00%, IPv4: 1, IPv6: 0, 最小延迟: -1 ms, 最高速率: 0.00 M/s, 平均速率: 0.00 M/s, 最高分辨率: None
分类: ☘️湖南频道, 名称: 湖南经视, 总数: 3, 有效: 0, 有效率: 0.00%, IPv4: 3, IPv6: 0, 最小延迟: -1 ms, 最高速率: 0.00 M/s, 平均速率: 0.00 M/s, 最高分辨率: None
分类: ☘️湖南频道, 名称: 湖南国际, 总数: 2, 有效: 0, 有效率: 0.00%, IPv4: 2, IPv6: 0, 最小延迟: -1 ms, 最高速率: 0.00 M/s, 平均速率: 0.00 M/s, 最高分辨率: None
分类: ☘️湖南频道, 名称: 金鹰纪实, 总数: 3, 有效: 0, 有效率: 0.00%, IPv4: 3, IPv6: 0, 最小延迟: -1 ms, 最高速率: 0.00 M/s, 平均速率: 0.00 M/s, 最高分辨率: None
分类: 🌊港·澳·台, 名称: 凤凰中文, 总数: 1, 有效: 0, 有效率: 0.00%, IPv4: 1, IPv6: 0, 最小延迟: 3002 ms, 最高速率: 0.08 M/s, 平均速率: 0.00 M/s, 最高分辨率: None
分类: 🌊港·澳·台, 名称: 翡翠台, 总数: 2, 有效: 0, 有效率: 0.00%, IPv4: 2, IPv6: 0, 最小延迟: -1 ms, 最高速率: 0.00 M/s, 平均速率: 0.00 M/s, 最高分辨率: None
分类: ☘️湖南频道, 名称: 湖南公共, 总数: 3, 有效: 0, 有效率: 0.00%, IPv4: 3, IPv6: 0, 最小延迟: 524 ms, 最高速率: 0.02 M/s, 平均速率: 0.00 M/s, 最高分辨率: None
分类: 🌊港·澳·台, 名称: 香港卫视, 总数: 3, 有效: 0, 有效率: 0.00%, IPv4: 3, IPv6: 0, 最小延迟: 3002 ms, 最高速率: 0.16 M/s, 平均速率: 0.00 M/s, 最高分辨率: None
分类: 🌊港·澳·台, 名称: 凤凰资讯, 总数: 1, 有效: 1, 有效率: 100.00%, IPv4: 1, IPv6: 0, 最小延迟: 500 ms, 最高速率: 0.23 M/s, 平均速率: 0.23 M/s, 最高分辨率: None
